Shopify global 'Flavor' list: 30 values
Indomie rows in sql/results/indomie.csv: 43
distinct distinguishing phrases: 43
distinct word tokens across those phrases: 73
tokens that appear verbatim in Shopify's global Flavor value list: 0 -> []

the 43 phrases:
  AYAM BAWANG
  AYAM SPECIAL
  CAKALANG KUAH
  EMPAL GENTONG
  GORENG AYAM GEPREK
  GORENG CABE IJO
  GORENG CABE IJO JUMBO
  GORENG CAKALANG
  GORENG IGA PENYET
  GORENG KEBULI
  GORENG MIE ACEH
  GORENG REAL MEAT MUSHROOM CHICKEN
  GORENG REAL MEAT PEPPER CHICKEN
  GORENG RENDANG
  GORENG SAMBAL RICA-RICA
  GORENG SPECIAL
  HYPE ABIS KEBAB RENDANG
  HYPE ABIS MI NYEMEK ALA BANGLAHDES'E RASA KARI
  HYPE ABIS MI NYEMEK JOGJA RENDANG
  JUMBO GORENG
  JUMBO GORENG AYAM PANGGANG
  JUMBO GORENG RENDANG
  KALDU AYAM
  KARI AYAM
  KERITING AYAM PANGGANG
  KERITING GORENG SPECIAL
  KOCOK BANDUNG
  KUAH RAWON PEDAS MERCON
  MIEGHETTI BOLOGNESE
  PREMIUM COLLECTION JAP TORI KARA RAMEN
  PREMIUM COLLECTION JAPANESE SHOYU RAMEN
  PREMIUM COLLECTION JAPANESE TAKOYAKI RAMEN
  PREMIUM KOREAN FIERY CHICKIN
  PREMIUM KOREAN K-ROSE
  PREMIUM KOREAN SPICY RAMYEON
  PREMUM COLLECTION JAPANESE MISO RAMEN
  SEBLAK HOT JELETOT
  SOTO
  SOTO BANJAR LIMAU KULIT
  SOTO KOYA NAGIH
  SOTO KOYA PEDAS DOWER
  SOTO LAMONGAN
  SOTO SPECIAL
